[
 {
  "lights": {
   "FIR": 0, 
   "CSL": 0, 
   "BC": 0, 
   "CC": 0, 
   "FSL": 0, 
   "CIL": 0, 
   "CIR": 0, 
   "FSR": 0, 
   "FC": 0, 
   "FCOFF": 0, 
   "FIL": 0, 
   "CSR": 0, 
   "RS": 0, 
   "ONHALS": 0, 
   "TRACKS": 0, 
   "BSR": 0, 
   "BSL": 0, 
   "RC": 0, 
   "OFFHALS": 0
  }, 
  "idno": "24", 
  "notes": "", 
  "links": {
   "previous": "23", 
   "next": "25"
  }, 
  "time": -1
 }, 
 {
  "lights": {
   "FIR": 0, 
   "CSL": 0, 
   "BC": 0, 
   "CC": 0, 
   "FSL": 0, 
   "CIL": 0, 
   "CIR": 0, 
   "TRACKS": 0, 
   "FC": 0, 
   "FCOFF": 0, 
   "FIL": 0, 
   "CSR": 0, 
   "RS": 0, 
   "ONHALS": 0, 
   "FSR": 0, 
   "BSR": 0, 
   "BSL": 0, 
   "RC": 0, 
   "OFFHALS": 0
  }, 
  "idno": "25", 
  "notes": "", 
  "links": {
   "previous": "24", 
   "next": "26"
  }, 
  "time": -1
 }, 
 {
  "lights": {
   "FIR": 0, 
   "CSL": 0, 
   "BC": 0, 
   "CC": 0, 
   "FSL": 0, 
   "CIL": 0, 
   "CIR": 0, 
   "FSR": 0, 
   "FC": 0, 
   "FCOFF": 0, 
   "FIL": 0, 
   "CSR": 0, 
   "RS": 0, 
   "ONHALS": 0, 
   "TRACKS": 0, 
   "BSR": 0, 
   "BSL": 0, 
   "RC": 0, 
   "OFFHALS": 0
  }, 
  "idno": "26", 
  "notes": "", 
  "links": {
   "previous": "25", 
   "next": -1
  }, 
  "time": -1
 }, 
 {
  "lights": {
   "FIR": 0, 
   "CSL": 0, 
   "BC": 0, 
   "CC": 0, 
   "FSL": 0, 
   "CIL": 0, 
   "CIR": 0, 
   "FSR": 0, 
   "FC": 0, 
   "FCOFF": 0, 
   "FIL": 0, 
   "CSR": 0, 
   "RS": 0, 
   "ONHALS": 100, 
   "TRACKS": 0, 
   "BSR": 0, 
   "BSL": 0, 
   "RC": 0, 
   "OFFHALS": 100
  }, 
  "idno": "20", 
  "notes": "", 
  "links": {
   "next": "21", 
   "previous": "19"
  }, 
  "time": -1
 }, 
 {
  "lights": {
   "FIR": 100, 
   "CSL": 100, 
   "BC": 0, 
   "CC": 100, 
   "FSL": 0, 
   "CIL": 0, 
   "CIR": 0, 
   "TRACKS": 0, 
   "FC": 0, 
   "FCOFF": 0, 
   "FIL": 100, 
   "CSR": 100, 
   "RS": 0, 
   "ONHALS": 75, 
   "FSR": 0, 
   "BSR": 0, 
   "BSL": 0, 
   "RC": 0, 
   "OFFHALS": 100
  }, 
  "idno": "21", 
  "notes": "", 
  "links": {
   "next": "22", 
   "previous": "20"
  }, 
  "time": -1
 }, 
 {
  "lights": {
   "FIR": 100, 
   "CSL": 100, 
   "BC": 100, 
   "CC": 100, 
   "FSL": 100, 
   "CIL": 100, 
   "CIR": 100, 
   "FSR": 100, 
   "FC": 100, 
   "FCOFF": 0, 
   "FIL": 100, 
   "CSR": 100, 
   "RS": 0, 
   "ONHALS": 100, 
   "TRACKS": 0, 
   "BSR": 100, 
   "BSL": 100, 
   "RC": 0, 
   "OFFHALS": 100
  }, 
  "idno": "22", 
  "notes": "", 
  "links": {
   "next": "23", 
   "previous": "21"
  }, 
  "time": -1
 }, 
 {
  "lights": {
   "FIR": 0, 
   "CSL": 0, 
   "BC": 0, 
   "CC": 0, 
   "FSL": 0, 
   "CIL": 0, 
   "CIR": 0, 
   "TRACKS": 0, 
   "FC": 0, 
   "FCOFF": 0, 
   "FIL": 0, 
   "CSR": 0, 
   "RS": 0, 
   "ONHALS": 0, 
   "FSR": 0, 
   "BSR": 0, 
   "BSL": 0, 
   "RC": 0, 
   "OFFHALS": 0
  }, 
  "idno": "23", 
  "notes": "", 
  "links": {
   "previous": "22", 
   "next": "24"
  }, 
  "time": -1
 }, 
 {
  "lights": {
   "FIR": 0, 
   "CSL": 0, 
   "BC": 0, 
   "CC": 100, 
   "FSL": 100, 
   "CIL": 0, 
   "CIR": 0, 
   "FSR": 100, 
   "FC": 0, 
   "FCOFF": 0, 
   "FIL": 0, 
   "CSR": 0, 
   "RS": 0, 
   "ONHALS": 75, 
   "TRACKS": 0, 
   "BSR": 100, 
   "BSL": 100, 
   "RC": 0, 
   "OFFHALS": 100
  }, 
  "idno": "1", 
  "notes": "", 
  "links": {
   "next": "2", 
   "previous": "0"
  }, 
  "time": -1
 }, 
 {
  "lights": {
   "RS": 100, 
   "RC": 100
  }, 
  "idno": "0", 
  "notes": "", 
  "links": {
   "next": "1"
  }, 
  "time": -1
 }, 
 {
  "lights": {
   "FIR": 0, 
   "CSL": 0, 
   "BC": 0, 
   "CC": 100, 
   "FSL": 100, 
   "CIL": 0, 
   "CIR": 0, 
   "FSR": 100, 
   "FC": 0, 
   "FCOFF": 0, 
   "FIL": 0, 
   "CSR": 0, 
   "RS": 0, 
   "ONHALS": 75, 
   "TRACKS": 0, 
   "BSR": 100, 
   "BSL": 100, 
   "RC": 0, 
   "OFFHALS": 100
  }, 
  "idno": "3", 
  "notes": "", 
  "links": {
   "next": "4", 
   "previous": "2"
  }, 
  "time": -1
 }, 
 {
  "lights": {
   "FIR": 100, 
   "CSL": 100, 
   "BC": 100, 
   "CC": 100, 
   "FSL": 100, 
   "CIL": 100, 
   "CIR": 100, 
   "TRACKS": 0, 
   "FC": 100, 
   "FCOFF": 0, 
   "FIL": 100, 
   "CSR": 100, 
   "RS": 0, 
   "ONHALS": 100, 
   "FSR": 100, 
   "BSR": 100, 
   "BSL": 100, 
   "RC": 0, 
   "OFFHALS": 100
  }, 
  "idno": "2", 
  "notes": "", 
  "links": {
   "next": "3", 
   "previous": "1"
  }, 
  "time": -1
 }, 
 {
  "lights": {
   "FIR": 100, 
   "CSL": 100, 
   "BC": 100, 
   "CC": 100, 
   "FSL": 100, 
   "CIL": 100, 
   "CIR": 100, 
   "FSR": 100, 
   "FC": 100, 
   "FCOFF": 0, 
   "FIL": 100, 
   "CSR": 100, 
   "RS": 0, 
   "ONHALS": 100, 
   "TRACKS": 0, 
   "BSR": 100, 
   "BSL": 100, 
   "RC": 0, 
   "OFFHALS": 100
  }, 
  "idno": "5", 
  "notes": "", 
  "links": {
   "next": "6", 
   "previous": "4"
  }, 
  "time": -1
 }, 
 {
  "lights": {
   "FIR": 0, 
   "CSL": 0, 
   "BC": 0, 
   "CC": 0, 
   "FSL": 0, 
   "CIL": 0, 
   "CIR": 0, 
   "TRACKS": 0, 
   "FC": 0, 
   "FCOFF": 0, 
   "FIL": 0, 
   "CSR": 0, 
   "RS": 0, 
   "ONHALS": 100, 
   "FSR": 0, 
   "BSR": 0, 
   "BSL": 0, 
   "RC": 0, 
   "OFFHALS": 100
  }, 
  "idno": "4", 
  "notes": "", 
  "links": {
   "next": "5", 
   "previous": "3"
  }, 
  "time": -1
 }, 
 {
  "lights": {
   "FIR": 0, 
   "CSL": 0, 
   "BC": 0, 
   "CC": 0, 
   "FSL": 0, 
   "CIL": 0, 
   "CIR": 0, 
   "FSR": 0, 
   "FC": 0, 
   "FCOFF": 0, 
   "FIL": 0, 
   "CSR": 0, 
   "RS": 0, 
   "ONHALS": 100, 
   "TRACKS": 0, 
   "BSR": 0, 
   "BSL": 0, 
   "RC": 0, 
   "OFFHALS": 100
  }, 
  "idno": "7", 
  "notes": "", 
  "links": {
   "next": "8", 
   "previous": "6"
  }, 
  "time": -1
 }, 
 {
  "lights": {
   "FIR": 0, 
   "CSL": 0, 
   "BC": 0, 
   "CC": 50, 
   "FSL": 50, 
   "CIL": 0, 
   "CIR": 0, 
   "TRACKS": 0, 
   "FC": 0, 
   "FCOFF": 0, 
   "FIL": 0, 
   "CSR": 0, 
   "RS": 0, 
   "ONHALS": 50, 
   "FSR": 50, 
   "BSR": 50, 
   "BSL": 50, 
   "RC": 0, 
   "OFFHALS": 0
  }, 
  "idno": "6", 
  "notes": "", 
  "links": {
   "next": "7", 
   "previous": "5"
  }, 
  "time": -1
 }, 
 {
  "lights": {
   "FIR": 100, 
   "CSL": 100, 
   "BC": 100, 
   "CC": 100, 
   "FSL": 100, 
   "CIL": 100, 
   "CIR": 100, 
   "TRACKS": 0, 
   "FC": 100, 
   "FCOFF": 0, 
   "FIL": 100, 
   "CSR": 100, 
   "RS": 0, 
   "ONHALS": 100, 
   "FSR": 100, 
   "BSR": 100, 
   "BSL": 100, 
   "RC": 0, 
   "OFFHALS": 100
  }, 
  "idno": "9", 
  "notes": "", 
  "links": {
   "next": "11", 
   "previous": "8"
  }, 
  "time": -1
 }, 
 {
  "lights": {
   "FIR": 100, 
   "CSL": 0, 
   "BC": 0, 
   "CC": 100, 
   "FSL": 0, 
   "CIL": 0, 
   "CIR": 0, 
   "FSR": 0, 
   "FC": 0, 
   "FCOFF": 0, 
   "FIL": 100, 
   "CSR": 0, 
   "RS": 0, 
   "ONHALS": 100, 
   "TRACKS": 0, 
   "BSR": 100, 
   "BSL": 100, 
   "RC": 0, 
   "OFFHALS": 100
  }, 
  "idno": "8", 
  "notes": "", 
  "links": {
   "next": "9", 
   "previous": "7"
  }, 
  "time": -1
 }, 
 {
  "lights": {
   "ONHALS": 100, 
   "OFFHALS": 100
  }, 
  "idno": "hals", 
  "notes": "", 
  "links": {
   "next": "16", 
   "previous": "15"
  }, 
  "time": -1
 }, 
 {
  "lights": {
   "FIR": 100, 
   "CSL": 100, 
   "BC": 100, 
   "CC": 100, 
   "FSL": 100, 
   "CIL": 100, 
   "CIR": 100, 
   "TRACKS": 0, 
   "FC": 100, 
   "FCOFF": 0, 
   "FIL": 100, 
   "CSR": 100, 
   "RS": 0, 
   "ONHALS": 100, 
   "FSR": 100, 
   "BSR": 100, 
   "BSL": 100, 
   "RC": 0, 
   "OFFHALS": 100
  }, 
  "idno": "i1", 
  "notes": "", 
  "links": {
   "next": "8", 
   "previous": "7"
  }, 
  "time": -1
 }, 
 {
  "lights": {
   "FIR": 100, 
   "CSL": 100, 
   "BC": 100, 
   "CC": 100, 
   "FSL": 100, 
   "CIL": 100, 
   "CIR": 100, 
   "TRACKS": 0, 
   "FC": 100, 
   "FCOFF": 0, 
   "FIL": 100, 
   "CSR": 100, 
   "RS": 0, 
   "ONHALS": 100, 
   "FSR": 100, 
   "BSR": 100, 
   "BSL": 100, 
   "RC": 0, 
   "OFFHALS": 100
  }, 
  "idno": "i0", 
  "notes": "", 
  "links": {
   "next": "7", 
   "previous": "6"
  }, 
  "time": -1
 }, 
 {
  "lights": {
   "FIR": 0, 
   "CSL": 0, 
   "BC": 0, 
   "CC": 0, 
   "FSL": 0, 
   "CIL": 0, 
   "CIR": 0, 
   "FSR": 0, 
   "FC": 0, 
   "FCOFF": 0, 
   "FIL": 0, 
   "CSR": 0, 
   "RS": 0, 
   "ONHALS": 0, 
   "TRACKS": 0, 
   "BSR": 0, 
   "BSL": 0, 
   "RC": 0, 
   "OFFHALS": 0
  }, 
  "idno": "interrupt", 
  "notes": "", 
  "links": {
   "next": -1
  }, 
  "time": -1
 }, 
 {
  "lights": {
   "FIR": 0, 
   "CSL": 0, 
   "BC": 0, 
   "CC": 0, 
   "FSL": 0, 
   "CIL": 0, 
   "CIR": 0, 
   "TRACKS": 0, 
   "FC": 0, 
   "FCOFF": 0, 
   "FIL": 0, 
   "CSR": 0, 
   "RS": 100, 
   "ONHALS": 0, 
   "FSR": 0, 
   "BSR": 0, 
   "BSL": 0, 
   "RC": 100, 
   "OFFHALS": 0
  }, 
  "idno": "11", 
  "notes": "", 
  "links": {
   "next": "12", 
   "previous": "9"
  }, 
  "time": -1
 }, 
 {
  "lights": {
   "FIR": 0, 
   "CSL": 0, 
   "BC": 0, 
   "CC": 100, 
   "FSL": 0, 
   "CIL": 100, 
   "CIR": 100, 
   "FSR": 0, 
   "FC": 100, 
   "FCOFF": 0, 
   "FIL": 0, 
   "CSR": 0, 
   "RS": 0, 
   "ONHALS": 0, 
   "TRACKS": 0, 
   "BSR": 0, 
   "BSL": 0, 
   "RC": 0, 
   "OFFHALS": 0
  }, 
  "idno": "10", 
  "notes": "", 
  "links": {
   "next": "11", 
   "previous": "9"
  }, 
  "time": -1
 }, 
 {
  "lights": {
   "FIR": 0, 
   "CSL": 0, 
   "BC": 0, 
   "CC": 100, 
   "FSL": 0, 
   "CIL": 100, 
   "CIR": 100, 
   "TRACKS": 0, 
   "FC": 100, 
   "FCOFF": 0, 
   "FIL": 0, 
   "CSR": 0, 
   "RS": 0, 
   "ONHALS": 75, 
   "FSR": 0, 
   "BSR": 100, 
   "BSL": 100, 
   "RC": 0, 
   "OFFHALS": 75
  }, 
  "idno": "13", 
  "notes": "", 
  "links": {
   "next": "15", 
   "previous": "12"
  }, 
  "time": -1
 }, 
 {
  "lights": {
   "FIR": 0, 
   "CSL": 0, 
   "BC": 0, 
   "CC": 100, 
   "FSL": 0, 
   "CIL": 100, 
   "CIR": 100, 
   "FSR": 0, 
   "FC": 0, 
   "FCOFF": 0, 
   "FIL": 0, 
   "CSR": 0, 
   "RS": 0, 
   "ONHALS": 0, 
   "TRACKS": 0, 
   "BSR": 0, 
   "BSL": 0, 
   "RC": 0, 
   "OFFHALS": 0
  }, 
  "idno": "12", 
  "notes": "", 
  "links": {
   "next": "13", 
   "previous": "11"
  }, 
  "time": -1
 }, 
 {
  "lights": {
   "FIR": 0, 
   "CSL": 0, 
   "BC": 0, 
   "CC": 0, 
   "FSL": 0, 
   "CIL": 0, 
   "CIR": 0, 
   "TRACKS": 0, 
   "FC": 0, 
   "FCOFF": 0, 
   "FIL": 0, 
   "CSR": 0, 
   "RS": 0, 
   "ONHALS": 100, 
   "FSR": 0, 
   "BSR": 0, 
   "BSL": 0, 
   "RC": 0, 
   "OFFHALS": 100
  }, 
  "idno": "15", 
  "notes": "", 
  "links": {
   "next": "16", 
   "previous": "13"
  }, 
  "time": -1
 }, 
 {
  "lights": {
   "FIR": 0, 
   "CSL": 0, 
   "BC": 0, 
   "CC": 0, 
   "FSL": 0, 
   "CIL": 0, 
   "CIR": 0, 
   "FSR": 0, 
   "FC": 0, 
   "FCOFF": 0, 
   "FIL": 0, 
   "CSR": 0, 
   "RS": 0, 
   "ONHALS": 100, 
   "TRACKS": 0, 
   "BSR": 0, 
   "BSL": 0, 
   "RC": 0, 
   "OFFHALS": 100
  }, 
  "idno": "14", 
  "notes": "", 
  "links": {
   "next": "15", 
   "previous": "13"
  }, 
  "time": -1
 }, 
 {
  "lights": {
   "FIR": 100, 
   "CSL": 100, 
   "BC": 100, 
   "CC": 100, 
   "FSL": 100, 
   "CIL": 100, 
   "CIR": 100, 
   "TRACKS": 0, 
   "FC": 100, 
   "FCOFF": 0, 
   "FIL": 100, 
   "CSR": 100, 
   "RS": 0, 
   "ONHALS": 100, 
   "FSR": 100, 
   "BSR": 100, 
   "BSL": 100, 
   "RC": 0, 
   "OFFHALS": 100
  }, 
  "idno": "17", 
  "notes": "", 
  "links": {
   "next": "18", 
   "previous": "16"
  }, 
  "time": -1
 }, 
 {
  "lights": {
   "FIR": 100, 
   "CSL": 0, 
   "BC": 0, 
   "CC": 100, 
   "FSL": 0, 
   "CIL": 100, 
   "CIR": 100, 
   "FSR": 0, 
   "FC": 100, 
   "FCOFF": 0, 
   "FIL": 100, 
   "CSR": 0, 
   "RS": 0, 
   "ONHALS": 0, 
   "TRACKS": 0, 
   "BSR": 0, 
   "BSL": 0, 
   "RC": 0, 
   "OFFHALS": 50
  }, 
  "idno": "16", 
  "notes": "", 
  "links": {
   "next": "17", 
   "previous": "15"
  }, 
  "time": -1
 }, 
 {
  "lights": {
   "FIR": 100, 
   "CSL": 0, 
   "BC": 0, 
   "CC": 100, 
   "FSL": 0, 
   "CIL": 100, 
   "CIR": 100, 
   "TRACKS": 0, 
   "FC": 100, 
   "FCOFF": 0, 
   "FIL": 100, 
   "CSR": 0, 
   "RS": 0, 
   "ONHALS": 75, 
   "FSR": 0, 
   "BSR": 0, 
   "BSL": 0, 
   "RC": 0, 
   "OFFHALS": 0
  }, 
  "idno": "19", 
  "notes": "", 
  "links": {
   "next": "20", 
   "previous": "18"
  }, 
  "time": -1
 }, 
 {
  "lights": {
   "FIR": 100, 
   "CSL": 0, 
   "BC": 0, 
   "CC": 100, 
   "FSL": 0, 
   "CIL": 100, 
   "CIR": 100, 
   "FSR": 0, 
   "FC": 100, 
   "FCOFF": 0, 
   "FIL": 100, 
   "CSR": 0, 
   "RS": 0, 
   "ONHALS": 75, 
   "TRACKS": 0, 
   "BSR": 0, 
   "BSL": 100, 
   "RC": 0, 
   "OFFHALS": 75
  }, 
  "idno": "18", 
  "notes": "", 
  "links": {
   "next": "19", 
   "previous": "17"
  }, 
  "time": -1
 }, 
 {
  "lights": {}, 
  "idno": "blackout", 
  "notes": "", 
  "links": {
   "next": "11", 
   "previous": "10"
  }, 
  "time": -1
 }
]